// Jest Snapshot v1, https://goo.gl/fbAQLP

exports[`characterDetails.js renders correctly 1`] = `
ShallowWrapper {
  "complexSelector": ComplexSelector {
    "buildPredicate": [Function],
    "childrenOfNode": [Function],
    "findWhereUnwrapped": [Function],
  },
  "length": 1,
  "node": <div>
    <h2>
      Gwen
    </h2>
    <dl
      className="dl-horizontal"
    >
      <PropertyGroup
        title="Gender"
        value={undefined}
      />
      <PropertyGroup
        title="Culture"
        value={undefined}
      />
      <PropertyGroup
        title="Born"
      >
        <LifeEventField
          date={undefined}
          location={undefined}
        />
      </PropertyGroup>
      <PropertyGroup
        title="Died"
      >
        <LifeEventField
          date={undefined}
          location={undefined}
        />
      </PropertyGroup>
      <PropertyGroup
        title="Aliases"
        value={undefined}
      />
      <PropertyGroup
        title="Titles"
        value={undefined}
      />
      <PropertyGroup
        title="Portrayed By"
        value={undefined}
      />
    </dl>
    
  </div>,
  "nodes": Array [
    <div>
      <h2>
        Gwen
      </h2>
      <dl
        className="dl-horizontal"
      >
        <PropertyGroup
          title="Gender"
          value={undefined}
        />
        <PropertyGroup
          title="Culture"
          value={undefined}
        />
        <PropertyGroup
          title="Born"
        >
          <LifeEventField
            date={undefined}
            location={undefined}
          />
        </PropertyGroup>
        <PropertyGroup
          title="Died"
        >
          <LifeEventField
            date={undefined}
            location={undefined}
          />
        </PropertyGroup>
        <PropertyGroup
          title="Aliases"
          value={undefined}
        />
        <PropertyGroup
          title="Titles"
          value={undefined}
        />
        <PropertyGroup
          title="Portrayed By"
          value={undefined}
        />
      </dl>
      
    </div>,
  ],
  "options": Object {},
  "renderer": ReactShallowRenderer {
    "_instance": ShallowComponentWrapper {
      "_calledComponentWillUnmount": false,
      "_compositeType": 0,
      "_context": Object {},
      "_currentElement": <CharacterDetails
        character={
          Object {
            "name": "Gwen",
          }
        }
      />,
      "_debugID": 1,
      "_hostContainerInfo": null,
      "_hostParent": null,
      "_instance": CharacterDetails {
        "_reactInternalInstance": [Circular],
        "context": Object {},
        "props": Object {
          "character": Object {
            "name": "Gwen",
          },
        },
        "refs": Object {},
        "state": null,
        "updater": Object {
          "enqueueCallback": [Function],
          "enqueueCallbackInternal": [Function],
          "enqueueElementInternal": [Function],
          "enqueueForceUpdate": [Function],
          "enqueueReplaceState": [Function],
          "enqueueSetState": [Function],
          "isMounted": [Function],
          "validateCallback": [Function],
        },
      },
      "_mountOrder": 1,
      "_pendingCallbacks": null,
      "_pendingElement": null,
      "_pendingForceUpdate": false,
      "_pendingReplaceState": false,
      "_pendingStateQueue": null,
      "_renderedComponent": NoopInternalComponent {
        "_currentElement": <div>
          <h2>
            Gwen
          </h2>
          <dl
            className="dl-horizontal"
          >
            <PropertyGroup
              title="Gender"
              value={undefined}
            />
            <PropertyGroup
              title="Culture"
              value={undefined}
            />
            <PropertyGroup
              title="Born"
            >
              <LifeEventField
                date={undefined}
                location={undefined}
              />
            </PropertyGroup>
            <PropertyGroup
              title="Died"
            >
              <LifeEventField
                date={undefined}
                location={undefined}
              />
            </PropertyGroup>
            <PropertyGroup
              title="Aliases"
              value={undefined}
            />
            <PropertyGroup
              title="Titles"
              value={undefined}
            />
            <PropertyGroup
              title="Portrayed By"
              value={undefined}
            />
          </dl>
          
        </div>,
        "_debugID": 2,
        "_renderedOutput": <div>
          <h2>
            Gwen
          </h2>
          <dl
            className="dl-horizontal"
          >
            <PropertyGroup
              title="Gender"
              value={undefined}
            />
            <PropertyGroup
              title="Culture"
              value={undefined}
            />
            <PropertyGroup
              title="Born"
            >
              <LifeEventField
                date={undefined}
                location={undefined}
              />
            </PropertyGroup>
            <PropertyGroup
              title="Died"
            >
              <LifeEventField
                date={undefined}
                location={undefined}
              />
            </PropertyGroup>
            <PropertyGroup
              title="Aliases"
              value={undefined}
            />
            <PropertyGroup
              title="Titles"
              value={undefined}
            />
            <PropertyGroup
              title="Portrayed By"
              value={undefined}
            />
          </dl>
          
        </div>,
      },
      "_renderedNodeType": 0,
      "_rootNodeID": 0,
      "_topLevelWrapper": null,
      "_updateBatchNumber": null,
      "_warnedAboutRefsInRender": false,
    },
    "getRenderOutput": [Function],
    "render": [Function],
  },
  "root": [Circular],
  "unrendered": <CharacterDetails
    character={
      Object {
        "name": "Gwen",
      }
    }
  />,
}
`;
